done: cex best arity=2
done: cex fifo arity=2
done: cex lifo arity=2
done: ctx_thread_1 best arity=2
done: ctx_thread_1 fifo arity=2
done: ctx_thread_1 lifo arity=2
done: ctx_thread_2 best arity=2
done: ctx_thread_2 fifo arity=2
done: ctx_thread_2 lifo arity=2
done: ctx_thread_twice best arity=2
done: ctx_thread_twice fifo arity=2
done: ctx_thread_twice lifo arity=2
done: hof best arity=2
done: hof fifo arity=2
done: hof lifo arity=2
done: identical best arity=2
done: identical fifo arity=2
done: identical lifo arity=2
done: issue108 best arity=2
done: issue108 fifo arity=2
done: issue108 lifo arity=2
done: issue108_2 best arity=2
done: issue108_2 fifo arity=2
done: issue108_2 lifo arity=2
done: lio_test1 best arity=2
done: lio_test1 fifo arity=2
done: lio_test1 lifo arity=2
done: lio_test2 best arity=2
done: lio_test2 fifo arity=2
done: lio_test2 lifo arity=2
done: map best arity=2
done: map fifo arity=2
done: map lifo arity=2
done: map2 best arity=2
done: map2 fifo arity=2
done: map2 lifo arity=2
done: map_minimal best arity=2
done: map_minimal fifo arity=2
done: map_minimal lifo arity=2
done: safe_ctx_thread_bug best arity=2
done: safe_ctx_thread_bug fifo arity=2
done: safe_ctx_thread_bug lifo arity=2
done: simple1 best arity=2
done: simple1 fifo arity=2
done: simple1 lifo arity=2
done: simple2 best arity=2
done: simple2 fifo arity=2
done: simple2 lifo arity=2
done: simple_hof best arity=2
done: simple_hof fifo arity=2
done: simple_hof lifo arity=2
done: symbol_weighting_test_1 best arity=2
done: symbol_weighting_test_1 fifo arity=2
done: symbol_weighting_test_1 lifo arity=2
done: symbol_weighting_test_2 best arity=2
done: symbol_weighting_test_2 fifo arity=2
done: symbol_weighting_test_2 lifo arity=2
done: tmp_crash best arity=2
done: tmp_crash fifo arity=2
done: tmp_crash lifo arity=2
done: tmp_minimal best arity=2
done: tmp_minimal fifo arity=2
done: tmp_minimal lifo arity=2
done: nuts-bolts best arity=2
done: nuts-bolts fifo arity=2
done: nuts-bolts lifo arity=2
done: wheels best arity=2
done: wheels fifo arity=2
done: wheels lifo arity=2
done: dials best arity=2
done: dials fifo arity=2
done: dials lifo arity=2
done: cex best arity=3
done: cex fifo arity=3
done: cex lifo arity=3
done: ctx_thread_1 best arity=3
done: ctx_thread_1 fifo arity=3
done: ctx_thread_1 lifo arity=3
done: ctx_thread_2 best arity=3
done: ctx_thread_2 fifo arity=3
done: ctx_thread_2 lifo arity=3
done: ctx_thread_twice best arity=3
done: ctx_thread_twice fifo arity=3
done: ctx_thread_twice lifo arity=3
done: hof best arity=3
done: hof fifo arity=3
done: hof lifo arity=3
done: identical best arity=3
done: identical fifo arity=3
done: identical lifo arity=3
done: issue108 best arity=3
done: issue108 fifo arity=3
done: issue108 lifo arity=3
done: issue108_2 best arity=3
done: issue108_2 fifo arity=3
done: issue108_2 lifo arity=3
done: lio_test1 best arity=3
done: lio_test1 fifo arity=3
done: lio_test1 lifo arity=3
done: lio_test2 best arity=3
done: lio_test2 fifo arity=3
done: lio_test2 lifo arity=3
done: map best arity=3
done: map fifo arity=3
done: map lifo arity=3
done: map2 best arity=3
done: map2 fifo arity=3
done: map2 lifo arity=3
done: map_minimal best arity=3
done: map_minimal fifo arity=3
done: map_minimal lifo arity=3
done: safe_ctx_thread_bug best arity=3
done: safe_ctx_thread_bug fifo arity=3
done: safe_ctx_thread_bug lifo arity=3
done: simple1 best arity=3
done: simple1 fifo arity=3
done: simple1 lifo arity=3
done: simple2 best arity=3
done: simple2 fifo arity=3
done: simple2 lifo arity=3
done: simple_hof best arity=3
done: simple_hof fifo arity=3
done: simple_hof lifo arity=3
done: symbol_weighting_test_1 best arity=3
done: symbol_weighting_test_1 fifo arity=3
done: symbol_weighting_test_1 lifo arity=3
done: symbol_weighting_test_2 best arity=3
done: symbol_weighting_test_2 fifo arity=3
done: symbol_weighting_test_2 lifo arity=3
done: tmp_crash best arity=3
done: tmp_crash fifo arity=3
done: tmp_crash lifo arity=3
done: tmp_minimal best arity=3
done: tmp_minimal fifo arity=3
done: tmp_minimal lifo arity=3
